// Jest Snapshot v1, https://goo.gl/fbAQLP

exports[`Renders Section correctly 1`] = `
<div>
  <div
    className="Section hasPaddings transparent"
  >
    <div
      className="Container"
    >
      
      <div>
        Text
      </div>
    </div>
  </div>
  <div
    className="Section hasPaddings transparent"
  >
    <div
      className="Container"
    >
      <h2
        className="Typography heading2 hasMargin"
      >
        Section 1
      </h2>
      <div>
        Text
      </div>
    </div>
  </div>
  <div
    className="Section hasPaddings brand"
  >
    <div
      className="Container"
    >
      <h2
        className="Typography heading2 hasMargin"
      >
        Section 2
      </h2>
      <div>
        Text
      </div>
    </div>
  </div>
  <div
    className="Section bg"
  >
    <div
      className="Container"
    >
      <h2
        className="Typography heading2 hasMargin"
      >
        Section without paddings
      </h2>
      <div>
        Text
      </div>
    </div>
  </div>
</div>
`;
