// Jest Snapshot v1, https://goo.gl/fbAQLP

exports[`Renders Typography correctly 1`] = `
<div>
  <h1
    className="Typography heading1 hasMargin"
  >
    Text
  </h1>
  <h2
    className="Typography heading2 hasMargin"
  >
    Text
  </h2>
  <h3
    className="Typography heading3 hasMargin"
  >
    Text
  </h3>
  <h4
    className="Typography heading4 hasMargin"
  >
    Text
  </h4>
  <h5
    className="Typography heading5 hasMargin"
  >
    Text
  </h5>
  <h6
    className="Typography heading6 hasMargin"
  >
    Text
  </h6>
  <h6
    className="Typography heading6 hasMargin secondary"
  >
    Text
  </h6>
  <p
    className="Typography paragraph hasMargin"
  >
    Text
  </p>
  <p
    className="Typography paragraph zeroLineHeight"
  >
    Text
  </p>
</div>
`;
